// Jest Snapshot v1, https://goo.gl/fbAQLP

exports[`<App /> renders 1`] = `
<main
  className="css-cf8zkh"
>
  <Hero />
  <Calculator>
    <Display
      output="12"
    />
    <Buttons
      actions={
        Object {
          "add": [Function],
          "clear": [Function],
          "divide": [Function],
          "equals": [Function],
          "input": [Function],
          "multiply": [Function],
          "percent": [Function],
          "posneg": [Function],
          "subtract": [Function],
        }
      }
    />
  </Calculator>
</main>
`;
