// Jest Snapshot v1, https://goo.gl/fbAQLP

exports[`<Buttons /> renders 1`] = `
.glamor-0,
[data-glamor-0] {
  background: #3bf3a9;
}

.glamor-0:hover,
[data-glamor-0]:hover {
  color: #3bf3a9;
}

.glamor-3,
[data-glamor-3] {
  flex: 50%;
  padding-left: .9em;
  text-align: left;
  -webkit-flex: 50%;
}

<div>
  <ButtonGroup>
    <OperationButton
      action={[Function]}
      className={
        Object {
          "data-glamor-0": "",
        }
      }
      text="C"
    />
    <OperationButton
      action={[Function]}
      className={
        Object {
          "data-glamor-0": "",
        }
      }
      text="+/−"
    />
    <OperationButton
      action={[Function]}
      className={
        Object {
          "data-glamor-0": "",
        }
      }
      text="%"
    />
    <OperationButton
      action={[Function]}
      text="÷"
    />
  </ButtonGroup>
  <ButtonGroup>
    <InputButton
      action={[Function]}
      value="7"
    />
    <InputButton
      action={[Function]}
      value="8"
    />
    <InputButton
      action={[Function]}
      value="9"
    />
    <OperationButton
      action={[Function]}
      text="×"
    />
  </ButtonGroup>
  <ButtonGroup>
    <InputButton
      action={[Function]}
      value="4"
    />
    <InputButton
      action={[Function]}
      value="5"
    />
    <InputButton
      action={[Function]}
      value="6"
    />
    <OperationButton
      action={[Function]}
      text="−"
    />
  </ButtonGroup>
  <ButtonGroup>
    <InputButton
      action={[Function]}
      value="1"
    />
    <InputButton
      action={[Function]}
      value="2"
    />
    <InputButton
      action={[Function]}
      value="3"
    />
    <OperationButton
      action={[Function]}
      text="+"
    />
  </ButtonGroup>
  <ButtonGroup>
    <InputButton
      action={[Function]}
      className={
        Object {
          "data-glamor-3": "",
        }
      }
      value="0"
    />
    <InputButton
      action={[Function]}
      value="."
    />
    <OperationButton
      action={[Function]}
      text="="
    />
  </ButtonGroup>
</div>
`;
