// Jest Snapshot v1, https://goo.gl/fbAQLP

exports[`<Buttons /> renders 1`] = `
<div>
  <ButtonGroup>
    <OperationButton
      action={[Function]}
      className={
        Object {
          "data-css-llx5cd": "",
        }
      }
      text="C"
    />
    <OperationButton
      action={[Function]}
      className={
        Object {
          "data-css-llx5cd": "",
        }
      }
      text="+/−"
    />
    <OperationButton
      action={[Function]}
      className={
        Object {
          "data-css-llx5cd": "",
        }
      }
      text="%"
    />
    <OperationButton
      action={[Function]}
      text="÷"
    />
  </ButtonGroup>
  <ButtonGroup>
    <InputButton
      action={[Function]}
      value="7"
    />
    <InputButton
      action={[Function]}
      value="8"
    />
    <InputButton
      action={[Function]}
      value="9"
    />
    <OperationButton
      action={[Function]}
      text="×"
    />
  </ButtonGroup>
  <ButtonGroup>
    <InputButton
      action={[Function]}
      value="4"
    />
    <InputButton
      action={[Function]}
      value="5"
    />
    <InputButton
      action={[Function]}
      value="6"
    />
    <OperationButton
      action={[Function]}
      text="−"
    />
  </ButtonGroup>
  <ButtonGroup>
    <InputButton
      action={[Function]}
      value="1"
    />
    <InputButton
      action={[Function]}
      value="2"
    />
    <InputButton
      action={[Function]}
      value="3"
    />
    <OperationButton
      action={[Function]}
      text="+"
    />
  </ButtonGroup>
  <ButtonGroup>
    <InputButton
      action={[Function]}
      className={
        Object {
          "data-css-ch1ln3": "",
        }
      }
      value="0"
    />
    <InputButton
      action={[Function]}
      value="."
    />
    <OperationButton
      action={[Function]}
      text="="
    />
  </ButtonGroup>
</div>
`;
