// Jest Snapshot v1, https://goo.gl/fbAQLP

exports[`Buttons renders 1`] = `
"<div>
  <ButtonGroup>
    <OperationButton class text=\\"C\\"></OperationButton>
    <OperationButton class text=\\"+/−\\"></OperationButton>
    <OperationButton class text=\\"%\\"></OperationButton>
    <OperationButton text=\\"÷\\"></OperationButton>
  </ButtonGroup>
  <ButtonGroup>
    <InputButton value=\\"7\\"></InputButton>
    <InputButton value=\\"8\\"></InputButton>
    <InputButton value=\\"9\\"></InputButton>
    <OperationButton text=\\"×\\"></OperationButton>
  </ButtonGroup>
  <ButtonGroup>
    <InputButton value=\\"4\\"></InputButton>
    <InputButton value=\\"5\\"></InputButton>
    <InputButton value=\\"6\\"></InputButton>
    <OperationButton text=\\"−\\"></OperationButton>
  </ButtonGroup>
  <ButtonGroup>
    <InputButton value=\\"1\\"></InputButton>
    <InputButton value=\\"2\\"></InputButton>
    <InputButton value=\\"3\\"></InputButton>
    <OperationButton text=\\"+\\"></OperationButton>
  </ButtonGroup>
  <ButtonGroup>
    <InputButton class value=\\"0\\"></InputButton>
    <InputButton value=\\".\\"></InputButton>
    <OperationButton text=\\"=\\"></OperationButton>
  </ButtonGroup>
</div>"
`;
